// Jest Snapshot v1, https://goo.gl/fbAQLP

exports[`Navbar - Rendering matches desktop snapshot 1`] = `
<div>
  <div
    class="sc-Qotzb cUSTmH section"
  >
    <button
      class="sc-dKREkF iYShG"
    >
      <svg
        aria-hidden="true"
        class="lucide lucide-menu sc-dFaThA kZjXbD"
        fill="none"
        height="24"
        stroke="currentColor"
        stroke-linecap="round"
        stroke-linejoin="round"
        stroke-width="2"
        viewBox="0 0 24 24"
        width="24"
        xmlns="http://www.w3.org/2000/svg"
      >
        <path
          d="M4 12h16"
        />
        <path
          d="M4 18h16"
        />
        <path
          d="M4 6h16"
        />
      </svg>
    </button>
    <div
      class="sc-fYsHOw dIRERo"
      data-orientation="horizontal"
      role="menubar"
      style="outline: none;"
      tabindex="-1"
    >
      <div
        class="sc-jJAtPt dqqxLN"
      >
        <button
          class="sc-cZSric juElHV"
          data-testid="category-button"
        >
          Fruit and vegetables
           
          <svg
            aria-hidden="true"
            class="lucide lucide-chevron-down sc-lixPIL ecxPpi"
            fill="none"
            height="12"
            stroke="currentColor"
            stroke-linecap="round"
            stroke-linejoin="round"
            stroke-width="2"
            viewBox="0 0 24 24"
            width="12"
            xmlns="http://www.w3.org/2000/svg"
          >
            <path
              d="m6 9 6 6 6-6"
            />
          </svg>
        </button>
        <div
          class="sc-cUiCeM dZEcRt dropdown-content"
        >
          <div
            class="sc-jPkiSJ dwTfyH"
          >
            <span>
              Fresh Fruits
            </span>
            <svg
              aria-hidden="true"
              class="lucide lucide-chevron-right sc-etfXYe dGDdFJ"
              fill="none"
              height="12"
              stroke="currentColor"
              stroke-linecap="round"
              stroke-linejoin="round"
              stroke-width="2"
              viewBox="0 0 24 24"
              width="12"
              xmlns="http://www.w3.org/2000/svg"
            >
              <path
                d="m9 18 6-6-6-6"
              />
            </svg>
            <div
              class="sc-jScdur cYaggx sub-dropdown"
            >
              <div
                class="sc-dcKlJK bjrQfS"
              >
                Apples
              </div>
              <div
                class="sc-dcKlJK bjrQfS"
              >
                Bananas
              </div>
              <div
                class="sc-dcKlJK bjrQfS"
              >
                Oranges
              </div>
              <div
                class="sc-dcKlJK bjrQfS"
              >
                Strawberries
              </div>
              <div
                class="sc-dcKlJK bjrQfS"
              >
                Dragon Fruit
              </div>
            </div>
          </div>
          <div
            class="sc-jPkiSJ dwTfyH"
          >
            <span>
              Vegetables
            </span>
            <svg
              aria-hidden="true"
              class="lucide lucide-chevron-right sc-etfXYe dGDdFJ"
              fill="none"
              height="12"
              stroke="currentColor"
              stroke-linecap="round"
              stroke-linejoin="round"
              stroke-width="2"
              viewBox="0 0 24 24"
              width="12"
              xmlns="http://www.w3.org/2000/svg"
            >
              <path
                d="m9 18 6-6-6-6"
              />
            </svg>
            <div
              class="sc-jScdur cYaggx sub-dropdown"
            >
              <div
                class="sc-dcKlJK bjrQfS"
              >
                Tomatoes
              </div>
              <div
                class="sc-dcKlJK bjrQfS"
              >
                Baby Spinach
              </div>
              <div
                class="sc-dcKlJK bjrQfS"
              >
                Organic Carrots
              </div>
            </div>
          </div>
          <div
            class="sc-jPkiSJ dwTfyH"
          >
            <span>
              Organic
            </span>
            <svg
              aria-hidden="true"
              class="lucide lucide-chevron-right sc-etfXYe dGDdFJ"
              fill="none"
              height="12"
              stroke="currentColor"
              stroke-linecap="round"
              stroke-linejoin="round"
              stroke-width="2"
              viewBox="0 0 24 24"
              width="12"
              xmlns="http://www.w3.org/2000/svg"
            >
              <path
                d="m9 18 6-6-6-6"
              />
            </svg>
            <div
              class="sc-jScdur cYaggx sub-dropdown"
            >
              <div
                class="sc-dcKlJK bjrQfS"
              >
                Organic Avocados
              </div>
              <div
                class="sc-dcKlJK bjrQfS"
              >
                Organic Berry Mix
              </div>
            </div>
          </div>
        </div>
      </div>
      <div
        class="sc-jJAtPt dqqxLN"
      >
        <button
          class="sc-cZSric juElHV"
          data-testid="category-button"
        >
          Bakery
           
          <svg
            aria-hidden="true"
            class="lucide lucide-chevron-down sc-lixPIL ecxPpi"
            fill="none"
            height="12"
            stroke="currentColor"
            stroke-linecap="round"
            stroke-linejoin="round"
            stroke-width="2"
            viewBox="0 0 24 24"
            width="12"
            xmlns="http://www.w3.org/2000/svg"
          >
            <path
              d="m6 9 6 6 6-6"
            />
          </svg>
        </button>
        <div
          class="sc-cUiCeM dZEcRt dropdown-content"
        >
          <div
            class="sc-jPkiSJ dwTfyH"
          >
            <span>
              Bread
            </span>
            <svg
              aria-hidden="true"
              class="lucide lucide-chevron-right sc-etfXYe dGDdFJ"
              fill="none"
              height="12"
              stroke="currentColor"
              stroke-linecap="round"
              stroke-linejoin="round"
              stroke-width="2"
              viewBox="0 0 24 24"
              width="12"
              xmlns="http://www.w3.org/2000/svg"
            >
              <path
                d="m9 18 6-6-6-6"
              />
            </svg>
            <div
              class="sc-jScdur cYaggx sub-dropdown"
            >
              <div
                class="sc-dcKlJK bjrQfS"
              >
                Sourdough Bread
              </div>
              <div
                class="sc-dcKlJK bjrQfS"
              >
                French Baguette
              </div>
            </div>
          </div>
          <div
            class="sc-jPkiSJ dwTfyH"
          >
            <span>
              Pastries
            </span>
            <svg
              aria-hidden="true"
              class="lucide lucide-chevron-right sc-etfXYe dGDdFJ"
              fill="none"
              height="12"
              stroke="currentColor"
              stroke-linecap="round"
              stroke-linejoin="round"
              stroke-width="2"
              viewBox="0 0 24 24"
              width="12"
              xmlns="http://www.w3.org/2000/svg"
            >
              <path
                d="m9 18 6-6-6-6"
              />
            </svg>
            <div
              class="sc-jScdur cYaggx sub-dropdown"
            >
              <div
                class="sc-dcKlJK bjrQfS"
              >
                Butter Croissants
              </div>
            </div>
          </div>
          <div
            class="sc-jPkiSJ dwTfyH"
          >
            <span>
              Cakes
            </span>
            <svg
              aria-hidden="true"
              class="lucide lucide-chevron-right sc-etfXYe dGDdFJ"
              fill="none"
              height="12"
              stroke="currentColor"
              stroke-linecap="round"
              stroke-linejoin="round"
              stroke-width="2"
              viewBox="0 0 24 24"
              width="12"
              xmlns="http://www.w3.org/2000/svg"
            >
              <path
                d="m9 18 6-6-6-6"
              />
            </svg>
            <div
              class="sc-jScdur cYaggx sub-dropdown"
            >
              <div
                class="sc-dcKlJK bjrQfS"
              >
                Birthday Cake
              </div>
            </div>
          </div>
        </div>
      </div>
      <div
        class="sc-jJAtPt dqqxLN"
      >
        <button
          class="sc-cZSric juElHV"
          data-testid="category-button"
        >
          Meat and fish
           
          <svg
            aria-hidden="true"
            class="lucide lucide-chevron-down sc-lixPIL ecxPpi"
            fill="none"
            height="12"
            stroke="currentColor"
            stroke-linecap="round"
            stroke-linejoin="round"
            stroke-width="2"
            viewBox="0 0 24 24"
            width="12"
            xmlns="http://www.w3.org/2000/svg"
          >
            <path
              d="m6 9 6 6 6-6"
            />
          </svg>
        </button>
        <div
          class="sc-cUiCeM dZEcRt dropdown-content"
        >
          <div
            class="sc-jPkiSJ dwTfyH"
          >
            <span>
              Beef
            </span>
            <svg
              aria-hidden="true"
              class="lucide lucide-chevron-right sc-etfXYe dGDdFJ"
              fill="none"
              height="12"
              stroke="currentColor"
              stroke-linecap="round"
              stroke-linejoin="round"
              stroke-width="2"
              viewBox="0 0 24 24"
              width="12"
              xmlns="http://www.w3.org/2000/svg"
            >
              <path
                d="m9 18 6-6-6-6"
              />
            </svg>
            <div
              class="sc-jScdur cYaggx sub-dropdown"
            >
              <div
                class="sc-dcKlJK bjrQfS"
              >
                Ribeye Steak
              </div>
              <div
                class="sc-dcKlJK bjrQfS"
              >
                Ground Beef
              </div>
            </div>
          </div>
          <div
            class="sc-jPkiSJ dwTfyH"
          >
            <span>
              Poultry
            </span>
            <svg
              aria-hidden="true"
              class="lucide lucide-chevron-right sc-etfXYe dGDdFJ"
              fill="none"
              height="12"
              stroke="currentColor"
              stroke-linecap="round"
              stroke-linejoin="round"
              stroke-width="2"
              viewBox="0 0 24 24"
              width="12"
              xmlns="http://www.w3.org/2000/svg"
            >
              <path
                d="m9 18 6-6-6-6"
              />
            </svg>
            <div
              class="sc-jScdur cYaggx sub-dropdown"
            >
              <div
                class="sc-dcKlJK bjrQfS"
              >
                Chicken Breasts
              </div>
            </div>
          </div>
          <div
            class="sc-jPkiSJ dwTfyH"
          >
            <span>
              Fish
            </span>
            <svg
              aria-hidden="true"
              class="lucide lucide-chevron-right sc-etfXYe dGDdFJ"
              fill="none"
              height="12"
              stroke="currentColor"
              stroke-linecap="round"
              stroke-linejoin="round"
              stroke-width="2"
              viewBox="0 0 24 24"
              width="12"
              xmlns="http://www.w3.org/2000/svg"
            >
              <path
                d="m9 18 6-6-6-6"
              />
            </svg>
            <div
              class="sc-jScdur cYaggx sub-dropdown"
            >
              <div
                class="sc-dcKlJK bjrQfS"
              >
                Wild Caught Salmon
              </div>
              <div
                class="sc-dcKlJK bjrQfS"
              >
                Fresh Jumbo Shrimp
              </div>
            </div>
          </div>
        </div>
      </div>
      <div
        class="sc-jJAtPt dqqxLN"
      >
        <button
          class="sc-cZSric juElHV"
          data-testid="category-button"
        >
          Drinks
           
          <svg
            aria-hidden="true"
            class="lucide lucide-chevron-down sc-lixPIL ecxPpi"
            fill="none"
            height="12"
            stroke="currentColor"
            stroke-linecap="round"
            stroke-linejoin="round"
            stroke-width="2"
            viewBox="0 0 24 24"
            width="12"
            xmlns="http://www.w3.org/2000/svg"
          >
            <path
              d="m6 9 6 6 6-6"
            />
          </svg>
        </button>
        <div
          class="sc-cUiCeM dZEcRt dropdown-content"
        >
          <div
            class="sc-jPkiSJ dwTfyH"
          >
            <span>
              Non-Alcoholic
            </span>
            <svg
              aria-hidden="true"
              class="lucide lucide-chevron-right sc-etfXYe dGDdFJ"
              fill="none"
              height="12"
              stroke="currentColor"
              stroke-linecap="round"
              stroke-linejoin="round"
              stroke-width="2"
              viewBox="0 0 24 24"
              width="12"
              xmlns="http://www.w3.org/2000/svg"
            >
              <path
                d="m9 18 6-6-6-6"
              />
            </svg>
            <div
              class="sc-jScdur cYaggx sub-dropdown"
            >
              <div
                class="sc-dcKlJK bjrQfS"
              >
                Orange Juice
              </div>
              <div
                class="sc-dcKlJK bjrQfS"
              >
                Green Tea
              </div>
            </div>
          </div>
          <div
            class="sc-jPkiSJ dwTfyH"
          >
            <span>
              Alcoholic
            </span>
            <svg
              aria-hidden="true"
              class="lucide lucide-chevron-right sc-etfXYe dGDdFJ"
              fill="none"
              height="12"
              stroke="currentColor"
              stroke-linecap="round"
              stroke-linejoin="round"
              stroke-width="2"
              viewBox="0 0 24 24"
              width="12"
              xmlns="http://www.w3.org/2000/svg"
            >
              <path
                d="m9 18 6-6-6-6"
              />
            </svg>
            <div
              class="sc-jScdur cYaggx sub-dropdown"
            >
              <div
                class="sc-dcKlJK bjrQfS"
              >
                Craft IPA
              </div>
              <div
                class="sc-dcKlJK bjrQfS"
              >
                Organic Red Wine
              </div>
            </div>
          </div>
          <div
            class="sc-jPkiSJ dwTfyH"
          >
            <span>
              Special Drinks
            </span>
            <svg
              aria-hidden="true"
              class="lucide lucide-chevron-right sc-etfXYe dGDdFJ"
              fill="none"
              height="12"
              stroke="currentColor"
              stroke-linecap="round"
              stroke-linejoin="round"
              stroke-width="2"
              viewBox="0 0 24 24"
              width="12"
              xmlns="http://www.w3.org/2000/svg"
            >
              <path
                d="m9 18 6-6-6-6"
              />
            </svg>
            <div
              class="sc-jScdur cYaggx sub-dropdown"
            >
              <div
                class="sc-dcKlJK bjrQfS"
              >
                Berry Smoothie
              </div>
            </div>
          </div>
        </div>
      </div>
      <div
        class="sc-jJAtPt dqqxLN"
      >
        <button
          class="sc-cZSric juElHV"
          data-testid="category-button"
        >
          Kitchen
           
          <svg
            aria-hidden="true"
            class="lucide lucide-chevron-down sc-lixPIL ecxPpi"
            fill="none"
            height="12"
            stroke="currentColor"
            stroke-linecap="round"
            stroke-linejoin="round"
            stroke-width="2"
            viewBox="0 0 24 24"
            width="12"
            xmlns="http://www.w3.org/2000/svg"
          >
            <path
              d="m6 9 6 6 6-6"
            />
          </svg>
        </button>
        <div
          class="sc-cUiCeM dZEcRt dropdown-content"
        >
          <div
            class="sc-jPkiSJ dwTfyH"
          >
            <span>
              Cookware
            </span>
            <svg
              aria-hidden="true"
              class="lucide lucide-chevron-right sc-etfXYe dGDdFJ"
              fill="none"
              height="12"
              stroke="currentColor"
              stroke-linecap="round"
              stroke-linejoin="round"
              stroke-width="2"
              viewBox="0 0 24 24"
              width="12"
              xmlns="http://www.w3.org/2000/svg"
            >
              <path
                d="m9 18 6-6-6-6"
              />
            </svg>
            <div
              class="sc-jScdur cYaggx sub-dropdown"
            >
              <div
                class="sc-dcKlJK bjrQfS"
              >
                Frying Pan Set
              </div>
            </div>
          </div>
          <div
            class="sc-jPkiSJ dwTfyH"
          >
            <span>
              Appliances
            </span>
            <svg
              aria-hidden="true"
              class="lucide lucide-chevron-right sc-etfXYe dGDdFJ"
              fill="none"
              height="12"
              stroke="currentColor"
              stroke-linecap="round"
              stroke-linejoin="round"
              stroke-width="2"
              viewBox="0 0 24 24"
              width="12"
              xmlns="http://www.w3.org/2000/svg"
            >
              <path
                d="m9 18 6-6-6-6"
              />
            </svg>
            <div
              class="sc-jScdur cYaggx sub-dropdown"
            >
              <div
                class="sc-dcKlJK bjrQfS"
              >
                Stand Mixer
              </div>
            </div>
          </div>
          <div
            class="sc-jPkiSJ dwTfyH"
          >
            <span>
              Accessories
            </span>
            <svg
              aria-hidden="true"
              class="lucide lucide-chevron-right sc-etfXYe dGDdFJ"
              fill="none"
              height="12"
              stroke="currentColor"
              stroke-linecap="round"
              stroke-linejoin="round"
              stroke-width="2"
              viewBox="0 0 24 24"
              width="12"
              xmlns="http://www.w3.org/2000/svg"
            >
              <path
                d="m9 18 6-6-6-6"
              />
            </svg>
            <div
              class="sc-jScdur cYaggx sub-dropdown"
            >
              <div
                class="sc-dcKlJK bjrQfS"
              >
                Chef Knife Set
              </div>
            </div>
          </div>
        </div>
      </div>
      <div
        class="sc-jJAtPt dqqxLN"
      >
        <button
          class="sc-cZSric juElHV"
          data-testid="category-button"
        >
          Special nutrition
           
          <svg
            aria-hidden="true"
            class="lucide lucide-chevron-down sc-lixPIL ecxPpi"
            fill="none"
            height="12"
            stroke="currentColor"
            stroke-linecap="round"
            stroke-linejoin="round"
            stroke-width="2"
            viewBox="0 0 24 24"
            width="12"
            xmlns="http://www.w3.org/2000/svg"
          >
            <path
              d="m6 9 6 6 6-6"
            />
          </svg>
        </button>
        <div
          class="sc-cUiCeM dZEcRt dropdown-content"
        >
          <div
            class="sc-jPkiSJ dwTfyH"
          >
            <span>
              Supplements
            </span>
            <svg
              aria-hidden="true"
              class="lucide lucide-chevron-right sc-etfXYe dGDdFJ"
              fill="none"
              height="12"
              stroke="currentColor"
              stroke-linecap="round"
              stroke-linejoin="round"
              stroke-width="2"
              viewBox="0 0 24 24"
              width="12"
              xmlns="http://www.w3.org/2000/svg"
            >
              <path
                d="m9 18 6-6-6-6"
              />
            </svg>
            <div
              class="sc-jScdur cYaggx sub-dropdown"
            >
              <div
                class="sc-dcKlJK bjrQfS"
              >
                Protein Powder
              </div>
            </div>
          </div>
          <div
            class="sc-jPkiSJ dwTfyH"
          >
            <span>
              Diets
            </span>
            <svg
              aria-hidden="true"
              class="lucide lucide-chevron-right sc-etfXYe dGDdFJ"
              fill="none"
              height="12"
              stroke="currentColor"
              stroke-linecap="round"
              stroke-linejoin="round"
              stroke-width="2"
              viewBox="0 0 24 24"
              width="12"
              xmlns="http://www.w3.org/2000/svg"
            >
              <path
                d="m9 18 6-6-6-6"
              />
            </svg>
            <div
              class="sc-jScdur cYaggx sub-dropdown"
            >
              <div
                class="sc-dcKlJK bjrQfS"
              >
                Keto Shakes
              </div>
            </div>
          </div>
          <div
            class="sc-jPkiSJ dwTfyH"
          >
            <span>
              Superfoods
            </span>
            <svg
              aria-hidden="true"
              class="lucide lucide-chevron-right sc-etfXYe dGDdFJ"
              fill="none"
              height="12"
              stroke="currentColor"
              stroke-linecap="round"
              stroke-linejoin="round"
              stroke-width="2"
              viewBox="0 0 24 24"
              width="12"
              xmlns="http://www.w3.org/2000/svg"
            >
              <path
                d="m9 18 6-6-6-6"
              />
            </svg>
            <div
              class="sc-jScdur cYaggx sub-dropdown"
            >
              <div
                class="sc-dcKlJK bjrQfS"
              >
                Chia Seeds
              </div>
            </div>
          </div>
        </div>
      </div>
      <div
        class="sc-jJAtPt dqqxLN"
      >
        <button
          class="sc-cZSric juElHV"
          data-testid="category-button"
        >
          Baby
           
          <svg
            aria-hidden="true"
            class="lucide lucide-chevron-down sc-lixPIL ecxPpi"
            fill="none"
            height="12"
            stroke="currentColor"
            stroke-linecap="round"
            stroke-linejoin="round"
            stroke-width="2"
            viewBox="0 0 24 24"
            width="12"
            xmlns="http://www.w3.org/2000/svg"
          >
            <path
              d="m6 9 6 6 6-6"
            />
          </svg>
        </button>
        <div
          class="sc-cUiCeM dZEcRt dropdown-content"
        >
          <div
            class="sc-jPkiSJ dwTfyH"
          >
            <span>
              Food
            </span>
            <svg
              aria-hidden="true"
              class="lucide lucide-chevron-right sc-etfXYe dGDdFJ"
              fill="none"
              height="12"
              stroke="currentColor"
              stroke-linecap="round"
              stroke-linejoin="round"
              stroke-width="2"
              viewBox="0 0 24 24"
              width="12"
              xmlns="http://www.w3.org/2000/svg"
            >
              <path
                d="m9 18 6-6-6-6"
              />
            </svg>
            <div
              class="sc-jScdur cYaggx sub-dropdown"
            >
              <div
                class="sc-dcKlJK bjrQfS"
              >
                Baby Formula
              </div>
            </div>
          </div>
          <div
            class="sc-jPkiSJ dwTfyH"
          >
            <span>
              Care
            </span>
            <svg
              aria-hidden="true"
              class="lucide lucide-chevron-right sc-etfXYe dGDdFJ"
              fill="none"
              height="12"
              stroke="currentColor"
              stroke-linecap="round"
              stroke-linejoin="round"
              stroke-width="2"
              viewBox="0 0 24 24"
              width="12"
              xmlns="http://www.w3.org/2000/svg"
            >
              <path
                d="m9 18 6-6-6-6"
              />
            </svg>
            <div
              class="sc-jScdur cYaggx sub-dropdown"
            >
              <div
                class="sc-dcKlJK bjrQfS"
              >
                Eco-Friendly Diapers
              </div>
            </div>
          </div>
          <div
            class="sc-jPkiSJ dwTfyH"
          >
            <span>
              Accessories
            </span>
            <svg
              aria-hidden="true"
              class="lucide lucide-chevron-right sc-etfXYe dGDdFJ"
              fill="none"
              height="12"
              stroke="currentColor"
              stroke-linecap="round"
              stroke-linejoin="round"
              stroke-width="2"
              viewBox="0 0 24 24"
              width="12"
              xmlns="http://www.w3.org/2000/svg"
            >
              <path
                d="m9 18 6-6-6-6"
              />
            </svg>
            <div
              class="sc-jScdur cYaggx sub-dropdown"
            >
              <div
                class="sc-dcKlJK bjrQfS"
              >
                Feeding Set
              </div>
            </div>
          </div>
        </div>
      </div>
      <div
        class="sc-jJAtPt dqqxLN"
      >
        <button
          class="sc-cZSric juElHV"
          data-testid="category-button"
        >
          Pharmacy
           
          <svg
            aria-hidden="true"
            class="lucide lucide-chevron-down sc-lixPIL ecxPpi"
            fill="none"
            height="12"
            stroke="currentColor"
            stroke-linecap="round"
            stroke-linejoin="round"
            stroke-width="2"
            viewBox="0 0 24 24"
            width="12"
            xmlns="http://www.w3.org/2000/svg"
          >
            <path
              d="m6 9 6 6 6-6"
            />
          </svg>
        </button>
        <div
          class="sc-cUiCeM dZEcRt dropdown-content"
        >
          <div
            class="sc-jPkiSJ dwTfyH"
          >
            <span>
              Medications
            </span>
            <svg
              aria-hidden="true"
              class="lucide lucide-chevron-right sc-etfXYe dGDdFJ"
              fill="none"
              height="12"
              stroke="currentColor"
              stroke-linecap="round"
              stroke-linejoin="round"
              stroke-width="2"
              viewBox="0 0 24 24"
              width="12"
              xmlns="http://www.w3.org/2000/svg"
            >
              <path
                d="m9 18 6-6-6-6"
              />
            </svg>
            <div
              class="sc-jScdur cYaggx sub-dropdown"
            >
              <div
                class="sc-dcKlJK bjrQfS"
              >
                Cold & Flu Relief
              </div>
            </div>
          </div>
          <div
            class="sc-jPkiSJ dwTfyH"
          >
            <span>
              Personal Care
            </span>
            <svg
              aria-hidden="true"
              class="lucide lucide-chevron-right sc-etfXYe dGDdFJ"
              fill="none"
              height="12"
              stroke="currentColor"
              stroke-linecap="round"
              stroke-linejoin="round"
              stroke-width="2"
              viewBox="0 0 24 24"
              width="12"
              xmlns="http://www.w3.org/2000/svg"
            >
              <path
                d="m9 18 6-6-6-6"
              />
            </svg>
            <div
              class="sc-jScdur cYaggx sub-dropdown"
            >
              <div
                class="sc-dcKlJK bjrQfS"
              >
                Advanced Skincare
              </div>
            </div>
          </div>
          <div
            class="sc-jPkiSJ dwTfyH"
          >
            <span>
              Medical Supplies
            </span>
            <svg
              aria-hidden="true"
              class="lucide lucide-chevron-right sc-etfXYe dGDdFJ"
              fill="none"
              height="12"
              stroke="currentColor"
              stroke-linecap="round"
              stroke-linejoin="round"
              stroke-width="2"
              viewBox="0 0 24 24"
              width="12"
              xmlns="http://www.w3.org/2000/svg"
            >
              <path
                d="m9 18 6-6-6-6"
              />
            </svg>
            <div
              class="sc-jScdur cYaggx sub-dropdown"
            >
              <div
                class="sc-dcKlJK bjrQfS"
              >
                First Aid Kit
              </div>
            </div>
          </div>
        </div>
      </div>
    </div>
  </div>
</div>
`;
